// Jest Snapshot v1, https://goo.gl/fbAQLP

exports[`Pruebas en <AddCategory /> debe de mostrar <AddCategory /> correctamente 1`] = `
<form>
  <input
    onChange={[Function]}
    type="text"
    value=""
  />
</form>
`;
